// Jest Snapshot v1, https://goo.gl/fbAQLP

exports[`should test Header component 1`] = `
<Fragment>
  <div
    className="contact2"
    style={
      Object {
        "backgroundImage": "url(\\"https://www.wrappixel.com/demos/ui-kit/wrapkit/assets/images/contact/map.jpg\\")",
      }
    }
  >
    <div
      className="container"
    >
      <div
        className="row contact-container"
      >
        <div
          className="col-lg-12"
        >
          <div
            className="card card-shadow border-0 mb-4"
          >
            <div
              className="row"
            >
              <div
                className="col-lg-8"
              >
                <div
                  className="contact-box p-4"
                >
                  <h4
                    className="title"
                  >
                    Contact Us
                  </h4>
                  <form
                    noValidate={true}
                    onSubmit={[Function]}
                  >
                    <div
                      className="row"
                    >
                      <div
                        className="col-lg-6"
                      >
                        <div
                          className="form-group mt-3"
                        >
                          <input
                            className="form-control"
                            name="name"
                            onChange={[Function]}
                            placeholder="Enter your Name"
                            type="text"
                          />
                        </div>
                      </div>
                      <div
                        className="col-lg-6"
                      >
                        <div
                          className="form-group mt-3"
                        >
                          <input
                            className="form-control"
                            name="email"
                            onChange={[Function]}
                            placeholder="Enter your Email"
                            type="email"
                          />
                        </div>
                      </div>
                      <div
                        className="col-lg-12"
                      >
                        <div
                          className="form-group mt-3"
                        >
                          <input
                            className="form-control"
                            name="msg"
                            onChange={[Function]}
                            placeholder="Enter your Message"
                            type="text"
                          />
                        </div>
                      </div>
                      <div
                        className="col-lg-12"
                      >
                        <button
                          className="btn btn-danger-gradiant mt-3 mb-3 text-white border-0 py-2 px-3"
                          type="submit"
                        >
                          <span>
                             
                            SUBMIT NOW 
                            <i
                              className="ti-arrow-right"
                            />
                          </span>
                        </button>
                        <ToastContainer
                          autoClose={5000}
                          closeButton={[Function]}
                          closeOnClick={true}
                          draggable={true}
                          draggableDirection="x"
                          draggablePercent={80}
                          hideProgressBar={false}
                          limit={1}
                          newestOnTop={false}
                          pauseOnFocusLoss={true}
                          pauseOnHover={true}
                          position="top-right"
                          role="alert"
                          rtl={false}
                          transition={[Function]}
                        />
                      </div>
                    </div>
                  </form>
                </div>
              </div>
              <div
                className="col-lg-4 bg-image"
                style={
                  Object {
                    "backgroundImage": "url(\\"https://www.wrappixel.com/demos/ui-kit/wrapkit/assets/images/contact/1.jpg\\")",
                  }
                }
              >
                <div
                  className="detail-box p-4"
                >
                  <h5
                    className="text-white font-weight-light mb-3"
                  >
                    ADDRESS
                  </h5>
                  <p
                    className="text-white op-7"
                  >
                    Mindtree
                    <br />
                    Bhubaneshwar
                     
                  </p>
                  <h5
                    className="text-white font-weight-light mb-3 mt-4"
                  >
                    CALL US
                  </h5>
                  <p
                    className="text-white op-7"
                  >
                    9876543209
                    <br />
                     9253623732
                  </p>
                </div>
              </div>
            </div>
          </div>
        </div>
      </div>
    </div>
  </div>
</Fragment>
`;
